<?xml version="1.0" encoding="utf-8"?><testsuites><testsuite name="pytest" errors="0" failures="0" skipped="0" tests="1" time="0.073" timestamp="2026-01-08T09:54:53.084348" hostname="runnervmi13qx"><testcase classname="tests.test_example" name="test_add" time="0.002" /></testsuite></testsuites>